// Jest Snapshot v1, https://goo.gl/fbAQLP

exports[`pages/Todos/List should match snapshot & initialize todos 1`] = `
<div>
  <div>
    <div>
      TodoToolbar
    </div>
    <div>
      TodoList
    </div>
    <div
      class="position-sticky bg-light py-2"
      style="bottom: 0px;"
    >
      <div
        class="container"
      >
        <div>
          TodoForm
        </div>
      </div>
    </div>
  </div>
</div>
`;
