// Jest Snapshot v1, https://goo.gl/fbAQLP

exports[`pages/Todos/List should match snapshot 1`] = `
<div>
  <div
    class="my-2 container"
  >
    <div
      class="ToDo__list list-group"
    >
      <div
        class="d-flex flex-row p-2 align-items-center list-group-item"
      >
        <label
          class="label-big-holder"
        >
          <div
            class=""
          >
            <input
              class="form-check-input"
              type="checkbox"
            />
          </div>
        </label>
        <div
          class="flex-fill px-2"
        >
          Content-0
        </div>
        <button
          aria-label="Close"
          class="btn-close"
          type="button"
        />
      </div>
      <div
        class="d-flex flex-row p-2 align-items-center list-group-item"
      >
        <label
          class="label-big-holder"
        >
          <div
            class=""
          >
            <input
              checked=""
              class="form-check-input"
              type="checkbox"
            />
          </div>
        </label>
        <div
          class="flex-fill px-2"
        >
          Content-1
        </div>
        <button
          aria-label="Close"
          class="btn-close"
          type="button"
        />
      </div>
      <div
        class="d-flex flex-row p-2 align-items-center list-group-item"
      >
        <label
          class="label-big-holder"
        >
          <div
            class=""
          >
            <input
              class="form-check-input"
              type="checkbox"
            />
          </div>
        </label>
        <div
          class="flex-fill px-2"
        >
          Content-2
        </div>
        <button
          aria-label="Close"
          class="btn-close"
          type="button"
        />
      </div>
    </div>
  </div>
</div>
`;
